// Jest Snapshot v1, https://goo.gl/fbAQLP

exports[`About Page Should Render About page 1`] = `
<main>
  <p>
    About
  </p>
</main>
`;
