// Jest Snapshot v1, https://goo.gl/fbAQLP

exports[`Education Page Should Render Education page 1`] = `
<p>
  About
</p>
`;
