// Jest Snapshot v1, https://goo.gl/fbAQLP

exports[`Resume Page Should Render Resume page 1`] = `
<p>
  Resume
</p>
`;
