// Jest Snapshot v1, https://goo.gl/fbAQLP

exports[`Work Page Should Render Work page 1`] = `
<main>
  <p>
    Work
  </p>
</main>
`;
