// Jest Snapshot v1, https://goo.gl/fbAQLP

exports[`Banner Component Should Render Banner Component 1`] = `
Array [
  <button
    aria-hidden="true"
    aria-label="Mobile Navigation Button"
    className="lg:hidden"
  >
    <svg
      className="absolute inset-y-0 left-0 h-14 text-2xl ml-2"
      fill="currentColor"
      height="1em"
      stroke="currentColor"
      strokeWidth="0"
      style={
        Object {
          "color": undefined,
        }
      }
      viewBox="0 0 24 24"
      width="1em"
      xmlns="http://www.w3.org/2000/svg"
    >
      <path
        d="M0 0h24v24H0z"
        fill="none"
      />
      <path
        d="M3 18h18v-2H3v2zm0-5h18v-2H3v2zm0-7v2h18V6H3z"
      />
    </svg>
  </button>,
  <a
    aria-current="page"
    className="flex justify-center my-auto mx-auto lg:mx-3 active"
    href="/"
    onClick={[Function]}
  >
    <h1
      aria-label="Title first name"
      className="my-auto text-lg font-helvetica lg:text-2xl xl:text-3xl 2xl:text-4xl"
    >
      Carson
    </h1>
    <img
      alt="Brass colored Node.js hexagon logo with brass colored React logo inside, which has the nucleus replaced with a brass key "
      className="h-10 ml-1 lg:h-14 xl:h-16 2xl:h-20"
      src="Logo-512.png"
    />
    <h1
      aria-label="Title last name"
      className="my-auto text-lg font-helvetica ml-1 lg:text-2xl xl:text-3xl 2xl:text-4xl"
    >
      Key
    </h1>
  </a>,
]
`;
