// Jest Snapshot v1, https://goo.gl/fbAQLP

exports[`Navigation Component Should Render Navigation Component 1`] = `
<nav
  className="text-white lg:my-auto"
>
  <ul
    className="absolute top-0 left-0 -z-10 transform ease-in-out transition-all duration-500 translate-x-0 w-screen h-screen divide-y px-2 pt-14 text-2xl bg-drawer-menu bg-contain bg-no-repeat bg-right-bottom bg-secondary bg-opacity-90 -translate-x-full lg:static lg:flex lg:transform-none lg:w-auto lg:h-auto lg:divide-y-0 lg:divide-x lg:mr-0 lg:ml-8 lg:p-0 lg:text-3xl lg:bg-none lg:bg-transparent xl:text-4xl 2xl:text-5xl"
  >
    <li
      className="py-2 lg:py-0"
    >
      <a
        href="/Projects"
        onClick={[Function]}
      >
        <p
          className="px-3 lg:px-4"
        >
          Projects
        </p>
      </a>
    </li>
    <li
      className="py-2 lg:py-0"
    >
      <a
        href="/Work"
        onClick={[Function]}
      >
        <p
          className="px-3 lg:px-4"
        >
          Work
        </p>
      </a>
    </li>
    <li
      className="py-2 lg:py-0"
    >
      <a
        href="/Education"
        onClick={[Function]}
      >
        <p
          className="px-3 lg:px-4"
        >
          Education
        </p>
      </a>
    </li>
    <li
      className="py-2 lg:py-0"
    >
      <a
        href="/Resume"
        onClick={[Function]}
      >
        <p
          className="px-3 lg:px-4"
        >
          Resume
        </p>
      </a>
    </li>
    <li
      className="py-2 lg:py-0"
    >
      <a
        href="/About"
        onClick={[Function]}
      >
        <p
          className="px-3 lg:px-4"
        >
          About
        </p>
      </a>
    </li>
  </ul>
</nav>
`;
